
=== 排序性能测试报告 ===
数组大小: 5000
测试轮数: 10

--- 随机数据测试 ---
=== 测试 快速排序 ===
数组大小: 5000
平均执行时间: 0.439 毫秒
排序结果示例（前10个元素）: 2 4 6 7 11 12 16 21 22 23 

=== 测试 快速排序_opt ===
数组大小: 5000
平均执行时间: 0.196 毫秒
排序结果示例（前10个元素）: 2 4 6 7 11 12 16 21 22 23 

=== 测试 归并排序 ===
数组大小: 5000
平均执行时间: 2.200 毫秒
排序结果示例（前10个元素）: 2 4 6 7 11 12 16 21 22 23 

=== 测试 堆排序 ===
数组大小: 5000
平均执行时间: 9.171 毫秒
排序结果示例（前10个元素）: 2 4 6 7 11 12 16 21 22 23 

--- 近乎有序数据测试 ---
=== 测试 快速排序 ===
数组大小: 5000
平均执行时间: 1.024 毫秒
排序结果示例（前10个元素）: 3 3 4 8 9 10 10 18 19 23 

=== 测试 快速排序_opt ===
数组大小: 5000
平均执行时间: 0.270 毫秒
排序结果示例（前10个元素）: 3 3 4 8 9 10 10 18 19 23 

=== 测试 归并排序 ===
数组大小: 5000
平均执行时间: 1.945 毫秒
排序结果示例（前10个元素）: 3 3 4 8 9 10 10 18 19 23 

=== 测试 堆排序 ===
数组大小: 5000
平均执行时间: 8.984 毫秒
排序结果示例（前10个元素）: 3 3 4 8 9 10 10 18 19 23 

--- 逆序数据测试 ---
=== 测试 快速排序 ===
数组大小: 5000
平均执行时间: 46.945 毫秒
排序结果示例（前10个元素）: 1 2 3 4 5 6 7 8 9 10 

=== 测试 快速排序_opt ===
数组大小: 5000
平均执行时间: 12.529 毫秒
排序结果示例（前10个元素）: 1 2 3 4 5 6 7 8 9 10 

=== 测试 归并排序 ===
数组大小: 5000
平均执行时间: 1.852 毫秒
排序结果示例（前10个元素）: 1 2 3 4 5 6 7 8 9 10 

=== 测试 堆排序 ===
数组大小: 5000
平均执行时间: 8.291 毫秒
排序结果示例（前10个元素）: 1 2 3 4 5 6 7 8 9 10 
