
=== 排序性能测试报告 ===
数组大小: 5000
测试轮数: 10

--- 随机数据测试 ---
=== 测试 快速排序 ===
数组大小: 5000
平均执行时间: 0.328 毫秒
排序结果示例（前10个元素）: 3 6 7 8 8 12 15 15 16 16 

=== 测试 快速排序_opt ===
数组大小: 5000
平均执行时间: 0.141 毫秒
排序结果示例（前10个元素）: 3 6 7 8 8 12 15 15 16 16 

=== 测试 归并排序 ===
数组大小: 5000
平均执行时间: 0.467 毫秒
排序结果示例（前10个元素）: 3 6 7 8 8 12 15 15 16 16 

=== 测试 堆排序 ===
数组大小: 5000
平均执行时间: 1.168 毫秒
排序结果示例（前10个元素）: 3 6 7 8 8 12 15 15 16 16 

--- 近乎有序数据测试 ---
=== 测试 快速排序 ===
数组大小: 5000
平均执行时间: 0.971 毫秒
排序结果示例（前10个元素）: 1 3 10 11 15 16 25 26 28 31 

=== 测试 快速排序_opt ===
数组大小: 5000
平均执行时间: 0.197 毫秒
排序结果示例（前10个元素）: 1 3 10 11 15 16 25 26 28 31 

=== 测试 归并排序 ===
数组大小: 5000
平均执行时间: 0.476 毫秒
排序结果示例（前10个元素）: 1 3 10 11 15 16 25 26 28 31 

=== 测试 堆排序 ===
数组大小: 5000
平均执行时间: 1.372 毫秒
排序结果示例（前10个元素）: 1 3 10 11 15 16 25 26 28 31 

--- 逆序数据测试 ---
=== 测试 快速排序 ===
数组大小: 5000
平均执行时间: 28.569 毫秒
排序结果示例（前10个元素）: 1 2 3 4 5 6 7 8 9 10 

=== 测试 快速排序_opt ===
数组大小: 5000
平均执行时间: 6.179 毫秒
排序结果示例（前10个元素）: 1 2 3 4 5 6 7 8 9 10 

=== 测试 归并排序 ===
数组大小: 5000
平均执行时间: 0.243 毫秒
排序结果示例（前10个元素）: 1 2 3 4 5 6 7 8 9 10 

=== 测试 堆排序 ===
数组大小: 5000
平均执行时间: 0.849 毫秒
排序结果示例（前10个元素）: 1 2 3 4 5 6 7 8 9 10 
